================================================================
== Design Size Report
================================================================

* Instructions per Function for each Compilation Phase
+---------------------------------------+---------------------------+--------------+--------------------+----------------------+---------------+
| Function                              | Location                  | Compile/Link | Unroll/Inline      | Performance/Pipeline | Optimizations |
+---------------------------------------+---------------------------+--------------+--------------------+----------------------+---------------+
| + myproject                           | myproject.cpp:6           | 2,811        | 175,968 *          | 17,540               | 17,360        |
|  + dense<ap_fixed<32, 16, AP_TR...    | nnet_dense.h:36           |   567        |                    |                      |               |
|   + dense_resource<ap_fixed<32, ...   | nnet_dense_resource.h:233 |   565        |                    |                      |               |
|    + dense_resource_rf_leq_nin<ap...  | nnet_dense_resource.h:13  |   563        |                    |                      |               |
|       product                         | nnet_mult.h:70            |   163        |                    |                      |               |
|       cast<ap_fixed<32, 16, AP_TRN... | nnet_mult.h:110           |     3        |                    |                      |               |
|    relu<ap_fixed<32, 16, AP_TRN...    | nnet_activation.h:39      |   493        |     737            |    225               |    226        |
|  + dense<ap_fixed<32, 16, AP_RN...    | nnet_dense.h:36           |   567        |                    |                      |               |
|   + dense_resource<ap_fixed<32, ...   | nnet_dense_resource.h:233 |   565        |                    |                      |               |
|    + dense_resource_rf_leq_nin<ap...  | nnet_dense_resource.h:13  |   563        |                    |                      |               |
|       product                         | nnet_mult.h:70            |   163        |                    |                      |               |
|       cast<ap_fixed<32, 16, AP_RND... | nnet_mult.h:110           |     3        |                    |                      |               |
|    relu<ap_fixed<32, 16, AP_TRN...    | nnet_activation.h:39      |   493        |     369            |    113               |    114        |
|  + dense<ap_fixed<32, 16, AP_RN...    | nnet_dense.h:36           |   567        |                    |                      |               |
|   + dense_resource<ap_fixed<32, ...   | nnet_dense_resource.h:233 |   565        |                    |                      |               |
|    + dense_resource_rf_leq_nin<ap...  | nnet_dense_resource.h:13  |   563        |                    |                      |               |
|       product                         | nnet_mult.h:70            |   163        |                    |                      |               |
|       cast<ap_fixed<32, 16, AP_RND... | nnet_mult.h:110           |     3        |                    |                      |               |
|  + dense_resource<ap_fixed<32, ...    | nnet_dense_resource.h:233 |              | 133,617            | 12,882               | 12,883        |
|   + dense_resource_rf_leq_nin<ap...   | nnet_dense_resource.h:13  |              | 133,615            | 12,879               | 12,879        |
|      cast<ap_fixed<32, 16, AP_TRN...  | nnet_mult.h:110           |              |      96 (32 calls) |                      |               |
|  + dense_resource<ap_fixed<32, ...    | nnet_dense_resource.h:233 |              |  37,617            |  3,651               |  3,652        |
|   + dense_resource_rf_leq_nin<ap...   | nnet_dense_resource.h:13  |              |  37,615            |  3,617               |  3,617        |
|      cast<ap_fixed<32, 16, AP_RND...  | nnet_mult.h:110           |              |      48 (16 calls) |                      |               |
|  + dense_resource<ap_fixed<32, ...    | nnet_dense_resource.h:233 |              |   3,563            |    371               |    372        |
|   + dense_resource_rf_leq_nin<ap...   | nnet_dense_resource.h:13  |              |   3,561            |    353               |    353        |
|      cast<ap_fixed<32, 16, AP_RND...  | nnet_mult.h:110           |              |       9 (3 calls)  |                      |               |
+---------------------------------------+---------------------------+--------------+--------------------+----------------------+---------------+
    * - Exceeded design size warning message threshold

* Description of Compilation Phases
+----------------------+------------------------------------------------------------+
| Compilation Phase    | Description                                                |
+----------------------+------------------------------------------------------------+
| Compile/Link         | All functions are compiled and linked into a single design |
| Unroll/Inline        | After user unroll and inline pragmas are applied           |
| Performance/Pipeline | After performance and pipeline pragmas are applied         |
| Optimizations        | After high level synthesis optimizations                   |
+----------------------+------------------------------------------------------------+

* Design Size Message Settings
+---------------------------------------------+--------+------------------------------------------------------------------+
| Message Setting                             | Value  | Description                                                      |
+---------------------------------------------+--------+------------------------------------------------------------------+
| config_compile -design_size_maximum_warning | 100000 | Show a warning when total design instructions exceeds this value |
+---------------------------------------------+--------+------------------------------------------------------------------+


