

================================================================
== Vivado HLS Report for 'dense_latency_ap_fixed_ap_fixed_32_16_5_3_0_config8_0_0_0_0'
================================================================
* Date:           Tue Sep 17 10:43:04 2024

* Version:        2019.2 (Build 2704478 on Wed Nov 06 22:10:23 MST 2019)
* Project:        myproject_prj
* Solution:       solution1
* Product family: virtexuplus
* Target device:  xcvu9p-flga2104-2-e


================================================================
== Performance Estimates
================================================================
+ Timing: 
    * Summary: 
    +--------+----------+----------+------------+
    |  Clock |  Target  | Estimated| Uncertainty|
    +--------+----------+----------+------------+
    |ap_clk  | 25.00 ns | 6.094 ns |   6.75 ns  |
    +--------+----------+----------+------------+

+ Latency: 
    * Summary: 
    +---------+---------+----------+----------+-----+-----+----------+
    |  Latency (cycles) |  Latency (absolute) |  Interval | Pipeline |
    |   min   |   max   |    min   |    max   | min | max |   Type   |
    +---------+---------+----------+----------+-----+-----+----------+
    |        0|        0|   0 ns   |   0 ns   |    1|    1| function |
    +---------+---------+----------+----------+-----+-----+----------+

    + Detail: 
        * Instance: 
        N/A

        * Loop: 
        N/A



================================================================
== Utilization Estimates
================================================================
* Summary: 
+---------------------+---------+-------+---------+---------+-----+
|         Name        | BRAM_18K| DSP48E|    FF   |   LUT   | URAM|
+---------------------+---------+-------+---------+---------+-----+
|DSP                  |        -|      -|        -|        -|    -|
|Expression           |        -|     40|        0|     2961|    -|
|FIFO                 |        -|      -|        -|        -|    -|
|Instance             |        -|      -|        -|        -|    -|
|Memory               |        -|      -|        -|        -|    -|
|Multiplexer          |        -|      -|        -|        -|    -|
|Register             |        -|      -|        -|        -|    -|
+---------------------+---------+-------+---------+---------+-----+
|Total                |        0|     40|        0|     2961|    0|
+---------------------+---------+-------+---------+---------+-----+
|Available SLR        |     1440|   2280|   788160|   394080|  320|
+---------------------+---------+-------+---------+---------+-----+
|Utilization SLR (%)  |        0|      1|        0|    ~0   |    0|
+---------------------+---------+-------+---------+---------+-----+
|Available            |     4320|   6840|  2364480|  1182240|  960|
+---------------------+---------+-------+---------+---------+-----+
|Utilization (%)      |        0|   ~0  |        0|    ~0   |    0|
+---------------------+---------+-------+---------+---------+-----+

+ Detail: 
    * Instance: 
    N/A

    * DSP48E: 
    N/A

    * Memory: 
    N/A

    * FIFO: 
    N/A

    * Expression: 
    +--------------------------+----------+-------+---+----+------------+------------+
    |       Variable Name      | Operation| DSP48E| FF| LUT| Bitwidth P0| Bitwidth P1|
    +--------------------------+----------+-------+---+----+------------+------------+
    |mul_ln1118_10_fu_274_p2   |     *    |      2|  0|  20|          32|           7|
    |mul_ln1118_11_fu_252_p2   |     *    |      2|  0|  20|          32|           7|
    |mul_ln1118_12_fu_291_p2   |     *    |      2|  0|  20|          32|           8|
    |mul_ln1118_13_fu_278_p2   |     *    |      2|  0|  20|          32|           5|
    |mul_ln1118_14_fu_248_p2   |     *    |      2|  0|  20|          32|           8|
    |mul_ln1118_15_fu_261_p2   |     *    |      2|  0|  20|          32|           8|
    |mul_ln1118_16_fu_246_p2   |     *    |      2|  0|  20|          32|           7|
    |mul_ln1118_17_fu_285_p2   |     *    |      2|  0|  20|          32|           8|
    |mul_ln1118_18_fu_290_p2   |     *    |      2|  0|  20|          32|           8|
    |mul_ln1118_19_fu_286_p2   |     *    |      2|  0|  20|          32|           8|
    |mul_ln1118_1_fu_249_p2    |     *    |      2|  0|  20|          32|           6|
    |mul_ln1118_2_fu_289_p2    |     *    |      2|  0|  20|          32|           7|
    |mul_ln1118_3_fu_256_p2    |     *    |      2|  0|  20|          32|           8|
    |mul_ln1118_4_fu_271_p2    |     *    |      2|  0|  20|          32|           8|
    |mul_ln1118_5_fu_258_p2    |     *    |      2|  0|  20|          32|           7|
    |mul_ln1118_6_fu_263_p2    |     *    |      2|  0|  20|          32|           8|
    |mul_ln1118_7_fu_268_p2    |     *    |      2|  0|  20|          32|           6|
    |mul_ln1118_8_fu_245_p2    |     *    |      2|  0|  20|          32|           8|
    |mul_ln1118_9_fu_255_p2    |     *    |      2|  0|  20|          32|           5|
    |mul_ln1118_fu_276_p2      |     *    |      2|  0|  20|          32|           8|
    |acc_1_V_fu_5499_p2        |     +    |      0|  0|  32|          32|          32|
    |acc_2_V_fu_5599_p2        |     +    |      0|  0|  32|          32|          32|
    |add_ln1118_1_fu_4834_p2   |     +    |      0|  0|  39|          39|          39|
    |add_ln1118_fu_4354_p2     |     +    |      0|  0|  38|          38|          38|
    |add_ln703_10_fu_5373_p2   |     +    |      0|  0|  32|          32|          32|
    |add_ln703_11_fu_5379_p2   |     +    |      0|  0|  32|          32|          15|
    |add_ln703_12_fu_5385_p2   |     +    |      0|  0|  32|          32|          32|
    |add_ln703_13_fu_5391_p2   |     +    |      0|  0|  32|          32|          32|
    |add_ln703_14_fu_5397_p2   |     +    |      0|  0|  32|          32|          32|
    |add_ln703_15_fu_5403_p2   |     +    |      0|  0|  32|          32|          32|
    |add_ln703_16_fu_5409_p2   |     +    |      0|  0|  32|          32|          32|
    |add_ln703_17_fu_5415_p2   |     +    |      0|  0|  32|          32|          32|
    |add_ln703_18_fu_5421_p2   |     +    |      0|  0|  32|          32|          32|
    |add_ln703_19_fu_5427_p2   |     +    |      0|  0|  32|          32|          32|
    |add_ln703_1_fu_5319_p2    |     +    |      0|  0|  32|          32|          32|
    |add_ln703_20_fu_5433_p2   |     +    |      0|  0|  32|          32|          32|
    |add_ln703_21_fu_5439_p2   |     +    |      0|  0|  32|          32|          32|
    |add_ln703_22_fu_5445_p2   |     +    |      0|  0|  32|          32|          32|
    |add_ln703_23_fu_5451_p2   |     +    |      0|  0|  32|          32|          32|
    |add_ln703_24_fu_5457_p2   |     +    |      0|  0|  32|          32|          32|
    |add_ln703_25_fu_5463_p2   |     +    |      0|  0|  32|          32|          32|
    |add_ln703_26_fu_5469_p2   |     +    |      0|  0|  32|          32|          32|
    |add_ln703_27_fu_5475_p2   |     +    |      0|  0|  32|          32|          15|
    |add_ln703_28_fu_5481_p2   |     +    |      0|  0|  32|          32|          32|
    |add_ln703_29_fu_5487_p2   |     +    |      0|  0|  32|          32|          32|
    |add_ln703_2_fu_5325_p2    |     +    |      0|  0|  32|          32|          32|
    |add_ln703_30_fu_5493_p2   |     +    |      0|  0|  32|          32|          32|
    |add_ln703_32_fu_5505_p2   |     +    |      0|  0|  32|          32|          32|
    |add_ln703_33_fu_5511_p2   |     +    |      0|  0|  32|          32|          32|
    |add_ln703_34_fu_5517_p2   |     +    |      0|  0|  32|          32|          32|
    |add_ln703_35_fu_5523_p2   |     +    |      0|  0|  32|          32|          32|
    |add_ln703_36_fu_5529_p2   |     +    |      0|  0|  32|          32|          32|
    |add_ln703_37_fu_5535_p2   |     +    |      0|  0|  32|          32|          32|
    |add_ln703_38_fu_5541_p2   |     +    |      0|  0|  32|          32|          32|
    |add_ln703_39_fu_5547_p2   |     +    |      0|  0|  32|          32|          32|
    |add_ln703_3_fu_5331_p2    |     +    |      0|  0|  32|          32|          32|
    |add_ln703_40_fu_5553_p2   |     +    |      0|  0|  32|          32|          32|
    |add_ln703_41_fu_5559_p2   |     +    |      0|  0|  32|          32|          32|
    |add_ln703_42_fu_5565_p2   |     +    |      0|  0|  32|          32|          32|
    |add_ln703_43_fu_5571_p2   |     +    |      0|  0|  28|          28|          13|
    |add_ln703_44_fu_5581_p2   |     +    |      0|  0|  32|          32|          32|
    |add_ln703_45_fu_5587_p2   |     +    |      0|  0|  32|          32|          32|
    |add_ln703_46_fu_5593_p2   |     +    |      0|  0|  32|          32|          32|
    |add_ln703_4_fu_5337_p2    |     +    |      0|  0|  32|          32|          32|
    |add_ln703_5_fu_5343_p2    |     +    |      0|  0|  32|          32|          32|
    |add_ln703_6_fu_5349_p2    |     +    |      0|  0|  32|          32|          32|
    |add_ln703_7_fu_5355_p2    |     +    |      0|  0|  32|          32|          32|
    |add_ln703_8_fu_5361_p2    |     +    |      0|  0|  32|          32|          32|
    |add_ln703_9_fu_5367_p2    |     +    |      0|  0|  32|          32|          32|
    |add_ln703_fu_5313_p2      |     +    |      0|  0|  32|          32|          32|
    |sub_ln1118_10_fu_4716_p2  |     -    |      0|  0|  38|           1|          38|
    |sub_ln1118_11_fu_4754_p2  |     -    |      0|  0|  39|          39|          39|
    |sub_ln1118_12_fu_4786_p2  |     -    |      0|  0|  39|           1|          39|
    |sub_ln1118_13_fu_4862_p2  |     -    |      0|  0|  39|          39|          39|
    |sub_ln1118_14_fu_4902_p2  |     -    |      0|  0|  38|          38|          38|
    |sub_ln1118_15_fu_4922_p2  |     -    |      0|  0|  38|          38|          38|
    |sub_ln1118_16_fu_4966_p2  |     -    |      0|  0|  39|          39|          39|
    |sub_ln1118_17_fu_5010_p2  |     -    |      0|  0|  39|          39|          39|
    |sub_ln1118_18_fu_5075_p2  |     -    |      0|  0|  39|          39|          39|
    |sub_ln1118_19_fu_5113_p2  |     -    |      0|  0|  39|           1|          39|
    |sub_ln1118_1_fu_4281_p2   |     -    |      0|  0|  39|           1|          39|
    |sub_ln1118_20_fu_5154_p2  |     -    |      0|  0|  39|          39|          39|
    |sub_ln1118_21_fu_5180_p2  |     -    |      0|  0|  39|          39|          39|
    |sub_ln1118_22_fu_5242_p2  |     -    |      0|  0|  39|          39|          39|
    |sub_ln1118_23_fu_5271_p2  |     -    |      0|  0|  39|          39|          39|
    |sub_ln1118_24_fu_5297_p2  |     -    |      0|  0|  39|          39|          39|
    |sub_ln1118_2_fu_4309_p2   |     -    |      0|  0|  39|          39|          39|
    |sub_ln1118_3_fu_4392_p2   |     -    |      0|  0|  39|          39|          39|
    |sub_ln1118_4_fu_4473_p2   |     -    |      0|  0|  39|          39|          39|
    |sub_ln1118_5_fu_4512_p2   |     -    |      0|  0|  39|           1|          39|
    |sub_ln1118_6_fu_4550_p2   |     -    |      0|  0|  32|           1|          38|
    |sub_ln1118_7_fu_4568_p2   |     -    |      0|  0|  32|          38|          38|
    |sub_ln1118_8_fu_4611_p2   |     -    |      0|  0|  39|          39|          39|
    |sub_ln1118_9_fu_4683_p2   |     -    |      0|  0|  39|           1|          39|
    |sub_ln1118_fu_4802_p2     |     -    |      0|  0|  33|           1|          33|
    +--------------------------+----------+-------+---+----+------------+------------+
    |Total                     |          |     40|  0|2961|        2917|        2669|
    +--------------------------+----------+-------+---+----+------------+------------+

    * Multiplexer: 
    N/A

    * Register: 
    N/A



================================================================
== Interface
================================================================
* Summary: 
+----------------+-----+-----+------------+---------------------------------------------------------------+--------------+
|    RTL Ports   | Dir | Bits|  Protocol  |                         Source Object                         |    C Type    |
+----------------+-----+-----+------------+---------------------------------------------------------------+--------------+
|ap_ready        | out |    1| ap_ctrl_hs | dense_latency<ap_fixed,ap_fixed<32,16,5,3,0>,config8>.0.0.0.0 | return value |
|ap_return_0     | out |   32| ap_ctrl_hs | dense_latency<ap_fixed,ap_fixed<32,16,5,3,0>,config8>.0.0.0.0 | return value |
|ap_return_1     | out |   32| ap_ctrl_hs | dense_latency<ap_fixed,ap_fixed<32,16,5,3,0>,config8>.0.0.0.0 | return value |
|ap_return_2     | out |   32| ap_ctrl_hs | dense_latency<ap_fixed,ap_fixed<32,16,5,3,0>,config8>.0.0.0.0 | return value |
|data_0_V_read   |  in |   32|   ap_none  |                         data_0_V_read                         |    scalar    |
|data_1_V_read   |  in |   32|   ap_none  |                         data_1_V_read                         |    scalar    |
|data_2_V_read   |  in |   32|   ap_none  |                         data_2_V_read                         |    scalar    |
|data_3_V_read   |  in |   32|   ap_none  |                         data_3_V_read                         |    scalar    |
|data_4_V_read   |  in |   32|   ap_none  |                         data_4_V_read                         |    scalar    |
|data_5_V_read   |  in |   32|   ap_none  |                         data_5_V_read                         |    scalar    |
|data_6_V_read   |  in |   32|   ap_none  |                         data_6_V_read                         |    scalar    |
|data_7_V_read   |  in |   32|   ap_none  |                         data_7_V_read                         |    scalar    |
|data_8_V_read   |  in |   32|   ap_none  |                         data_8_V_read                         |    scalar    |
|data_9_V_read   |  in |   32|   ap_none  |                         data_9_V_read                         |    scalar    |
|data_10_V_read  |  in |   32|   ap_none  |                         data_10_V_read                        |    scalar    |
|data_11_V_read  |  in |   32|   ap_none  |                         data_11_V_read                        |    scalar    |
|data_12_V_read  |  in |   32|   ap_none  |                         data_12_V_read                        |    scalar    |
|data_13_V_read  |  in |   32|   ap_none  |                         data_13_V_read                        |    scalar    |
|data_14_V_read  |  in |   32|   ap_none  |                         data_14_V_read                        |    scalar    |
|data_15_V_read  |  in |   32|   ap_none  |                         data_15_V_read                        |    scalar    |
+----------------+-----+-----+------------+---------------------------------------------------------------+--------------+

