

================================================================
== Vivado HLS Report for 'dense_latency_ap_fixed_ap_fixed_32_16_5_3_0_config8_0_0_0_0'
================================================================
* Date:           Tue Sep 17 20:55:01 2024

* Version:        2019.2 (Build 2704478 on Wed Nov 06 22:10:23 MST 2019)
* Project:        myproject_prj
* Solution:       solution1
* Product family: virtexuplus
* Target device:  xcvu9p-flga2104-2-e


================================================================
== Performance Estimates
================================================================
+ Timing: 
    * Summary: 
    +--------+----------+----------+------------+
    |  Clock |  Target  | Estimated| Uncertainty|
    +--------+----------+----------+------------+
    |ap_clk  | 25.00 ns | 6.687 ns |   6.75 ns  |
    +--------+----------+----------+------------+

+ Latency: 
    * Summary: 
    +---------+---------+----------+----------+-----+-----+----------+
    |  Latency (cycles) |  Latency (absolute) |  Interval | Pipeline |
    |   min   |   max   |    min   |    max   | min | max |   Type   |
    +---------+---------+----------+----------+-----+-----+----------+
    |        0|        0|   0 ns   |   0 ns   |    1|    1| function |
    +---------+---------+----------+----------+-----+-----+----------+

    + Detail: 
        * Instance: 
        N/A

        * Loop: 
        N/A



================================================================
== Utilization Estimates
================================================================
* Summary: 
+---------------------+---------+-------+---------+---------+-----+
|         Name        | BRAM_18K| DSP48E|    FF   |   LUT   | URAM|
+---------------------+---------+-------+---------+---------+-----+
|DSP                  |        -|      -|        -|        -|    -|
|Expression           |        -|     94|        0|     2514|    -|
|FIFO                 |        -|      -|        -|        -|    -|
|Instance             |        -|      -|        -|        -|    -|
|Memory               |        -|      -|        -|        -|    -|
|Multiplexer          |        -|      -|        -|        -|    -|
|Register             |        -|      -|        -|        -|    -|
+---------------------+---------+-------+---------+---------+-----+
|Total                |        0|     94|        0|     2514|    0|
+---------------------+---------+-------+---------+---------+-----+
|Available SLR        |     1440|   2280|   788160|   394080|  320|
+---------------------+---------+-------+---------+---------+-----+
|Utilization SLR (%)  |        0|      4|        0|    ~0   |    0|
+---------------------+---------+-------+---------+---------+-----+
|Available            |     4320|   6840|  2364480|  1182240|  960|
+---------------------+---------+-------+---------+---------+-----+
|Utilization (%)      |        0|      1|        0|    ~0   |    0|
+---------------------+---------+-------+---------+---------+-----+

+ Detail: 
    * Instance: 
    N/A

    * DSP48E: 
    N/A

    * Memory: 
    N/A

    * FIFO: 
    N/A

    * Expression: 
    +--------------------------+----------+-------+---+----+------------+------------+
    |       Variable Name      | Operation| DSP48E| FF| LUT| Bitwidth P0| Bitwidth P1|
    +--------------------------+----------+-------+---+----+------------+------------+
    |mul_ln1118_10_fu_313_p2   |     *    |      2|  0|  20|          32|          15|
    |mul_ln1118_11_fu_281_p2   |     *    |      2|  0|  20|          32|          15|
    |mul_ln1118_12_fu_322_p2   |     *    |      2|  0|  20|          32|          15|
    |mul_ln1118_13_fu_314_p2   |     *    |      2|  0|  20|          32|          17|
    |mul_ln1118_14_fu_311_p2   |     *    |      2|  0|  20|          32|          16|
    |mul_ln1118_15_fu_291_p2   |     *    |      2|  0|  20|          32|          16|
    |mul_ln1118_16_fu_320_p2   |     *    |      2|  0|  20|          32|          12|
    |mul_ln1118_17_fu_301_p2   |     *    |      2|  0|  20|          32|          12|
    |mul_ln1118_18_fu_292_p2   |     *    |      2|  0|  20|          32|          13|
    |mul_ln1118_19_fu_289_p2   |     *    |      2|  0|  20|          32|          14|
    |mul_ln1118_1_fu_309_p2    |     *    |      2|  0|  20|          32|          16|
    |mul_ln1118_20_fu_293_p2   |     *    |      2|  0|  20|          32|          15|
    |mul_ln1118_21_fu_306_p2   |     *    |      2|  0|  20|          32|          11|
    |mul_ln1118_22_fu_279_p2   |     *    |      2|  0|  20|          32|          16|
    |mul_ln1118_23_fu_295_p2   |     *    |      2|  0|  20|          32|          15|
    |mul_ln1118_24_fu_319_p2   |     *    |      2|  0|  20|          32|          13|
    |mul_ln1118_25_fu_312_p2   |     *    |      2|  0|  20|          32|          15|
    |mul_ln1118_26_fu_284_p2   |     *    |      2|  0|  20|          32|          15|
    |mul_ln1118_27_fu_286_p2   |     *    |      2|  0|  20|          32|          15|
    |mul_ln1118_28_fu_315_p2   |     *    |      2|  0|  20|          32|          16|
    |mul_ln1118_29_fu_297_p2   |     *    |      2|  0|  20|          32|          13|
    |mul_ln1118_2_fu_285_p2    |     *    |      2|  0|  20|          32|          15|
    |mul_ln1118_30_fu_299_p2   |     *    |      2|  0|  20|          32|          13|
    |mul_ln1118_31_fu_323_p2   |     *    |      2|  0|  20|          32|          15|
    |mul_ln1118_32_fu_283_p2   |     *    |      2|  0|  20|          32|          15|
    |mul_ln1118_33_fu_287_p2   |     *    |      2|  0|  20|          32|          13|
    |mul_ln1118_34_fu_276_p2   |     *    |      2|  0|  20|          32|          15|
    |mul_ln1118_35_fu_277_p2   |     *    |      2|  0|  20|          32|          15|
    |mul_ln1118_36_fu_317_p2   |     *    |      2|  0|  20|          32|          15|
    |mul_ln1118_37_fu_321_p2   |     *    |      2|  0|  20|          32|          12|
    |mul_ln1118_38_fu_294_p2   |     *    |      2|  0|  20|          32|          13|
    |mul_ln1118_39_fu_278_p2   |     *    |      2|  0|  20|          32|          15|
    |mul_ln1118_3_fu_316_p2    |     *    |      2|  0|  20|          32|          12|
    |mul_ln1118_40_fu_296_p2   |     *    |      2|  0|  20|          32|          14|
    |mul_ln1118_41_fu_303_p2   |     *    |      2|  0|  20|          32|          11|
    |mul_ln1118_42_fu_282_p2   |     *    |      2|  0|  20|          32|          16|
    |mul_ln1118_43_fu_310_p2   |     *    |      2|  0|  20|          32|          14|
    |mul_ln1118_44_fu_280_p2   |     *    |      2|  0|  20|          32|          14|
    |mul_ln1118_45_fu_305_p2   |     *    |      2|  0|  20|          32|          13|
    |mul_ln1118_46_fu_290_p2   |     *    |      2|  0|  20|          32|          12|
    |mul_ln1118_4_fu_318_p2    |     *    |      2|  0|  20|          32|          14|
    |mul_ln1118_5_fu_298_p2    |     *    |      2|  0|  20|          32|          16|
    |mul_ln1118_6_fu_300_p2    |     *    |      2|  0|  20|          32|          12|
    |mul_ln1118_7_fu_307_p2    |     *    |      2|  0|  20|          32|          15|
    |mul_ln1118_8_fu_304_p2    |     *    |      2|  0|  20|          32|          13|
    |mul_ln1118_9_fu_288_p2    |     *    |      2|  0|  20|          32|          16|
    |mul_ln1118_fu_302_p2      |     *    |      2|  0|  20|          32|          15|
    |acc_1_V_fu_10689_p2       |     +    |      0|  0|  32|          32|          32|
    |acc_2_V_fu_10789_p2       |     +    |      0|  0|  32|          32|          32|
    |add_ln703_10_fu_10555_p2  |     +    |      0|  0|  32|          32|          32|
    |add_ln703_11_fu_10561_p2  |     +    |      0|  0|  32|          32|          15|
    |add_ln703_12_fu_10567_p2  |     +    |      0|  0|  32|          32|          32|
    |add_ln703_13_fu_10573_p2  |     +    |      0|  0|  32|          32|          32|
    |add_ln703_14_fu_10579_p2  |     +    |      0|  0|  32|          32|          32|
    |add_ln703_15_fu_10585_p2  |     +    |      0|  0|  32|          32|          32|
    |add_ln703_16_fu_10591_p2  |     +    |      0|  0|  32|          32|          32|
    |add_ln703_17_fu_10597_p2  |     +    |      0|  0|  32|          32|          32|
    |add_ln703_18_fu_10603_p2  |     +    |      0|  0|  32|          32|          32|
    |add_ln703_19_fu_10609_p2  |     +    |      0|  0|  32|          32|          32|
    |add_ln703_1_fu_10493_p2   |     +    |      0|  0|  32|          32|          32|
    |add_ln703_20_fu_10615_p2  |     +    |      0|  0|  32|          32|          32|
    |add_ln703_21_fu_10621_p2  |     +    |      0|  0|  32|          32|          32|
    |add_ln703_22_fu_10627_p2  |     +    |      0|  0|  32|          32|          32|
    |add_ln703_23_fu_10633_p2  |     +    |      0|  0|  32|          32|          32|
    |add_ln703_24_fu_10639_p2  |     +    |      0|  0|  31|          31|          31|
    |add_ln703_25_fu_10649_p2  |     +    |      0|  0|  32|          32|          32|
    |add_ln703_26_fu_10655_p2  |     +    |      0|  0|  32|          32|          32|
    |add_ln703_27_fu_10661_p2  |     +    |      0|  0|  31|          31|          15|
    |add_ln703_28_fu_10671_p2  |     +    |      0|  0|  32|          32|          32|
    |add_ln703_29_fu_10677_p2  |     +    |      0|  0|  32|          32|          32|
    |add_ln703_2_fu_10499_p2   |     +    |      0|  0|  32|          32|          32|
    |add_ln703_30_fu_10683_p2  |     +    |      0|  0|  32|          32|          32|
    |add_ln703_32_fu_10695_p2  |     +    |      0|  0|  32|          32|          32|
    |add_ln703_33_fu_10701_p2  |     +    |      0|  0|  32|          32|          32|
    |add_ln703_34_fu_10707_p2  |     +    |      0|  0|  32|          32|          32|
    |add_ln703_35_fu_10713_p2  |     +    |      0|  0|  32|          32|          32|
    |add_ln703_36_fu_10719_p2  |     +    |      0|  0|  32|          32|          32|
    |add_ln703_37_fu_10725_p2  |     +    |      0|  0|  32|          32|          32|
    |add_ln703_38_fu_10731_p2  |     +    |      0|  0|  32|          32|          32|
    |add_ln703_39_fu_10737_p2  |     +    |      0|  0|  32|          32|          32|
    |add_ln703_3_fu_10505_p2   |     +    |      0|  0|  32|          32|          32|
    |add_ln703_40_fu_10743_p2  |     +    |      0|  0|  32|          32|          32|
    |add_ln703_41_fu_10749_p2  |     +    |      0|  0|  32|          32|          32|
    |add_ln703_42_fu_10755_p2  |     +    |      0|  0|  32|          32|          32|
    |add_ln703_43_fu_10761_p2  |     +    |      0|  0|  30|          30|          15|
    |add_ln703_44_fu_10771_p2  |     +    |      0|  0|  32|          32|          32|
    |add_ln703_45_fu_10777_p2  |     +    |      0|  0|  32|          32|          32|
    |add_ln703_46_fu_10783_p2  |     +    |      0|  0|  32|          32|          32|
    |add_ln703_4_fu_10511_p2   |     +    |      0|  0|  31|          31|          31|
    |add_ln703_5_fu_10521_p2   |     +    |      0|  0|  32|          32|          32|
    |add_ln703_6_fu_10527_p2   |     +    |      0|  0|  32|          32|          32|
    |add_ln703_7_fu_10533_p2   |     +    |      0|  0|  31|          31|          31|
    |add_ln703_8_fu_10543_p2   |     +    |      0|  0|  32|          32|          32|
    |add_ln703_9_fu_10549_p2   |     +    |      0|  0|  32|          32|          32|
    |add_ln703_fu_10487_p2     |     +    |      0|  0|  32|          32|          32|
    |sub_ln1118_fu_10133_p2    |     -    |      0|  0|  44|          44|          44|
    +--------------------------+----------+-------+---+----+------------+------------+
    |Total                     |          |     94|  0|2514|        3078|        2194|
    +--------------------------+----------+-------+---+----+------------+------------+

    * Multiplexer: 
    N/A

    * Register: 
    N/A



================================================================
== Interface
================================================================
* Summary: 
+----------------+-----+-----+------------+---------------------------------------------------------------+--------------+
|    RTL Ports   | Dir | Bits|  Protocol  |                         Source Object                         |    C Type    |
+----------------+-----+-----+------------+---------------------------------------------------------------+--------------+
|ap_ready        | out |    1| ap_ctrl_hs | dense_latency<ap_fixed,ap_fixed<32,16,5,3,0>,config8>.0.0.0.0 | return value |
|ap_return_0     | out |   32| ap_ctrl_hs | dense_latency<ap_fixed,ap_fixed<32,16,5,3,0>,config8>.0.0.0.0 | return value |
|ap_return_1     | out |   32| ap_ctrl_hs | dense_latency<ap_fixed,ap_fixed<32,16,5,3,0>,config8>.0.0.0.0 | return value |
|ap_return_2     | out |   32| ap_ctrl_hs | dense_latency<ap_fixed,ap_fixed<32,16,5,3,0>,config8>.0.0.0.0 | return value |
|data_0_V_read   |  in |   32|   ap_none  |                         data_0_V_read                         |    scalar    |
|data_1_V_read   |  in |   32|   ap_none  |                         data_1_V_read                         |    scalar    |
|data_2_V_read   |  in |   32|   ap_none  |                         data_2_V_read                         |    scalar    |
|data_3_V_read   |  in |   32|   ap_none  |                         data_3_V_read                         |    scalar    |
|data_4_V_read   |  in |   32|   ap_none  |                         data_4_V_read                         |    scalar    |
|data_5_V_read   |  in |   32|   ap_none  |                         data_5_V_read                         |    scalar    |
|data_6_V_read   |  in |   32|   ap_none  |                         data_6_V_read                         |    scalar    |
|data_7_V_read   |  in |   32|   ap_none  |                         data_7_V_read                         |    scalar    |
|data_8_V_read   |  in |   32|   ap_none  |                         data_8_V_read                         |    scalar    |
|data_9_V_read   |  in |   32|   ap_none  |                         data_9_V_read                         |    scalar    |
|data_10_V_read  |  in |   32|   ap_none  |                         data_10_V_read                        |    scalar    |
|data_11_V_read  |  in |   32|   ap_none  |                         data_11_V_read                        |    scalar    |
|data_12_V_read  |  in |   32|   ap_none  |                         data_12_V_read                        |    scalar    |
|data_13_V_read  |  in |   32|   ap_none  |                         data_13_V_read                        |    scalar    |
|data_14_V_read  |  in |   32|   ap_none  |                         data_14_V_read                        |    scalar    |
|data_15_V_read  |  in |   32|   ap_none  |                         data_15_V_read                        |    scalar    |
+----------------+-----+-----+------------+---------------------------------------------------------------+--------------+

