

================================================================
== Vitis HLS Report for 'dense_latency_ap_fixed_32_16_4_0_0_ap_fixed_32_16_5_3_0_config8_s'
================================================================
* Date:           Tue Sep 17 20:00:57 2024

* Version:        2023.1 (Build 3854077 on May  4 2023)
* Project:        myproject_prj
* Solution:       solution1 (Vivado IP Flow Target)
* Product family: virtexuplus
* Target device:  xcvu9p-flga2104-2-e


================================================================
== Performance Estimates
================================================================
+ Timing: 
    * Summary: 
    +--------+----------+----------+------------+
    |  Clock |  Target  | Estimated| Uncertainty|
    +--------+----------+----------+------------+
    |ap_clk  |  25.00 ns|  7.111 ns|     6.75 ns|
    +--------+----------+----------+------------+

+ Latency: 
    * Summary: 
    +---------+---------+----------+----------+-----+-----+---------+
    |  Latency (cycles) |  Latency (absolute) |  Interval | Pipeline|
    |   min   |   max   |    min   |    max   | min | max |   Type  |
    +---------+---------+----------+----------+-----+-----+---------+
    |        0|        0|      0 ns|      0 ns|    1|    1|      yes|
    +---------+---------+----------+----------+-----+-----+---------+

    + Detail: 
        * Instance: 
        N/A

        * Loop: 
        N/A



================================================================
== Utilization Estimates
================================================================
* Summary: 
+---------------------+---------+------+---------+---------+-----+
|         Name        | BRAM_18K|  DSP |    FF   |   LUT   | URAM|
+---------------------+---------+------+---------+---------+-----+
|DSP                  |        -|     -|        -|        -|    -|
|Expression           |        -|     -|        0|     1693|    -|
|FIFO                 |        -|     -|        -|        -|    -|
|Instance             |        -|    94|        0|      940|    -|
|Memory               |        -|     -|        -|        -|    -|
|Multiplexer          |        -|     -|        -|        -|    -|
|Register             |        -|     -|        -|        -|    -|
+---------------------+---------+------+---------+---------+-----+
|Total                |        0|    94|        0|     2633|    0|
+---------------------+---------+------+---------+---------+-----+
|Available SLR        |     1440|  2280|   788160|   394080|  320|
+---------------------+---------+------+---------+---------+-----+
|Utilization SLR (%)  |        0|     4|        0|       ~0|    0|
+---------------------+---------+------+---------+---------+-----+
|Available            |     4320|  6840|  2364480|  1182240|  960|
+---------------------+---------+------+---------+---------+-----+
|Utilization (%)      |        0|     1|        0|       ~0|    0|
+---------------------+---------+------+---------+---------+-----+

+ Detail: 
    * Instance: 
    +---------------------------+---------------------+---------+----+---+----+-----+
    |          Instance         |        Module       | BRAM_18K| DSP| FF| LUT| URAM|
    +---------------------------+---------------------+---------+----+---+----+-----+
    |mul_32s_12ns_44_1_1_U2436  |mul_32s_12ns_44_1_1  |        0|   2|  0|  20|    0|
    |mul_32s_12ns_44_1_1_U2439  |mul_32s_12ns_44_1_1  |        0|   2|  0|  20|    0|
    |mul_32s_12s_44_1_1_U2434   |mul_32s_12s_44_1_1   |        0|   2|  0|  20|    0|
    |mul_32s_12s_44_1_1_U2448   |mul_32s_12s_44_1_1   |        0|   2|  0|  20|    0|
    |mul_32s_12s_44_1_1_U2452   |mul_32s_12s_44_1_1   |        0|   2|  0|  20|    0|
    |mul_32s_12s_44_1_1_U2453   |mul_32s_12s_44_1_1   |        0|   2|  0|  20|    0|
    |mul_32s_13ns_45_1_1_U2423  |mul_32s_13ns_45_1_1  |        0|   2|  0|  20|    0|
    |mul_32s_13ns_45_1_1_U2433  |mul_32s_13ns_45_1_1  |        0|   2|  0|  20|    0|
    |mul_32s_13s_45_1_1_U2432   |mul_32s_13s_45_1_1   |        0|   2|  0|  20|    0|
    |mul_32s_13s_45_1_1_U2437   |mul_32s_13s_45_1_1   |        0|   2|  0|  20|    0|
    |mul_32s_14ns_46_1_1_U2420  |mul_32s_14ns_46_1_1  |        0|   2|  0|  20|    0|
    |mul_32s_14ns_46_1_1_U2425  |mul_32s_14ns_46_1_1  |        0|   2|  0|  20|    0|
    |mul_32s_14ns_46_1_1_U2427  |mul_32s_14ns_46_1_1  |        0|   2|  0|  20|    0|
    |mul_32s_14ns_46_1_1_U2430  |mul_32s_14ns_46_1_1  |        0|   2|  0|  20|    0|
    |mul_32s_14ns_46_1_1_U2438  |mul_32s_14ns_46_1_1  |        0|   2|  0|  20|    0|
    |mul_32s_14ns_46_1_1_U2451  |mul_32s_14ns_46_1_1  |        0|   2|  0|  20|    0|
    |mul_32s_14s_46_1_1_U2422   |mul_32s_14s_46_1_1   |        0|   2|  0|  20|    0|
    |mul_32s_15ns_47_1_1_U2413  |mul_32s_15ns_47_1_1  |        0|   2|  0|  20|    0|
    |mul_32s_15ns_47_1_1_U2429  |mul_32s_15ns_47_1_1  |        0|   2|  0|  20|    0|
    |mul_32s_15ns_47_1_1_U2442  |mul_32s_15ns_47_1_1  |        0|   2|  0|  20|    0|
    |mul_32s_15ns_47_1_1_U2450  |mul_32s_15ns_47_1_1  |        0|   2|  0|  20|    0|
    |mul_32s_15s_47_1_1_U2410   |mul_32s_15s_47_1_1   |        0|   2|  0|  20|    0|
    |mul_32s_15s_47_1_1_U2417   |mul_32s_15s_47_1_1   |        0|   2|  0|  20|    0|
    |mul_32s_15s_47_1_1_U2418   |mul_32s_15s_47_1_1   |        0|   2|  0|  20|    0|
    |mul_32s_15s_47_1_1_U2426   |mul_32s_15s_47_1_1   |        0|   2|  0|  20|    0|
    |mul_32s_15s_47_1_1_U2435   |mul_32s_15s_47_1_1   |        0|   2|  0|  20|    0|
    |mul_32s_15s_47_1_1_U2444   |mul_32s_15s_47_1_1   |        0|   2|  0|  20|    0|
    |mul_32s_15s_47_1_1_U2449   |mul_32s_15s_47_1_1   |        0|   2|  0|  20|    0|
    |mul_32s_16ns_48_1_1_U2409  |mul_32s_16ns_48_1_1  |        0|   2|  0|  20|    0|
    |mul_32s_16ns_48_1_1_U2411  |mul_32s_16ns_48_1_1  |        0|   2|  0|  20|    0|
    |mul_32s_16ns_48_1_1_U2414  |mul_32s_16ns_48_1_1  |        0|   2|  0|  20|    0|
    |mul_32s_16ns_48_1_1_U2416  |mul_32s_16ns_48_1_1  |        0|   2|  0|  20|    0|
    |mul_32s_16ns_48_1_1_U2419  |mul_32s_16ns_48_1_1  |        0|   2|  0|  20|    0|
    |mul_32s_16ns_48_1_1_U2428  |mul_32s_16ns_48_1_1  |        0|   2|  0|  20|    0|
    |mul_32s_16ns_48_1_1_U2440  |mul_32s_16ns_48_1_1  |        0|   2|  0|  20|    0|
    |mul_32s_16ns_48_1_1_U2445  |mul_32s_16ns_48_1_1  |        0|   2|  0|  20|    0|
    |mul_32s_16ns_48_1_1_U2454  |mul_32s_16ns_48_1_1  |        0|   2|  0|  20|    0|
    |mul_32s_16ns_48_1_1_U2455  |mul_32s_16ns_48_1_1  |        0|   2|  0|  20|    0|
    |mul_32s_16s_48_1_1_U2412   |mul_32s_16s_48_1_1   |        0|   2|  0|  20|    0|
    |mul_32s_16s_48_1_1_U2415   |mul_32s_16s_48_1_1   |        0|   2|  0|  20|    0|
    |mul_32s_16s_48_1_1_U2421   |mul_32s_16s_48_1_1   |        0|   2|  0|  20|    0|
    |mul_32s_16s_48_1_1_U2424   |mul_32s_16s_48_1_1   |        0|   2|  0|  20|    0|
    |mul_32s_16s_48_1_1_U2431   |mul_32s_16s_48_1_1   |        0|   2|  0|  20|    0|
    |mul_32s_16s_48_1_1_U2441   |mul_32s_16s_48_1_1   |        0|   2|  0|  20|    0|
    |mul_32s_16s_48_1_1_U2443   |mul_32s_16s_48_1_1   |        0|   2|  0|  20|    0|
    |mul_32s_16s_48_1_1_U2447   |mul_32s_16s_48_1_1   |        0|   2|  0|  20|    0|
    |mul_32s_17s_48_1_1_U2446   |mul_32s_17s_48_1_1   |        0|   2|  0|  20|    0|
    +---------------------------+---------------------+---------+----+---+----+-----+
    |Total                      |                     |        0|  94|  0| 940|    0|
    +---------------------------+---------------------+---------+----+---+----+-----+

    * DSP: 
    N/A

    * Memory: 
    N/A

    * FIFO: 
    N/A

    * Expression: 
    +---------------------------+----------+----+---+----+------------+------------+
    |       Variable Name       | Operation| DSP| FF| LUT| Bitwidth P0| Bitwidth P1|
    +---------------------------+----------+----+---+----+------------+------------+
    |add_ln58_1824_fu_10493_p2  |         +|   0|  0|  39|          32|          32|
    |add_ln58_1825_fu_10499_p2  |         +|   0|  0|  32|          32|          32|
    |add_ln58_1826_fu_10505_p2  |         +|   0|  0|  32|          32|          32|
    |add_ln58_1827_fu_10511_p2  |         +|   0|  0|  38|          31|          31|
    |add_ln58_1828_fu_10521_p2  |         +|   0|  0|  32|          32|          32|
    |add_ln58_1829_fu_10527_p2  |         +|   0|  0|  32|          32|          32|
    |add_ln58_1830_fu_10533_p2  |         +|   0|  0|  38|          31|          31|
    |add_ln58_1831_fu_10543_p2  |         +|   0|  0|  39|          32|          32|
    |add_ln58_1832_fu_10549_p2  |         +|   0|  0|  32|          32|          32|
    |add_ln58_1833_fu_10555_p2  |         +|   0|  0|  32|          32|          32|
    |add_ln58_1834_fu_10561_p2  |         +|   0|  0|  32|          32|          15|
    |add_ln58_1835_fu_10567_p2  |         +|   0|  0|  32|          32|          32|
    |add_ln58_1836_fu_10573_p2  |         +|   0|  0|  32|          32|          32|
    |add_ln58_1837_fu_10579_p2  |         +|   0|  0|  32|          32|          32|
    |add_ln58_1838_fu_10585_p2  |         +|   0|  0|  32|          32|          32|
    |add_ln58_1839_fu_10591_p2  |         +|   0|  0|  32|          32|          32|
    |add_ln58_1840_fu_10597_p2  |         +|   0|  0|  39|          32|          32|
    |add_ln58_1841_fu_10603_p2  |         +|   0|  0|  32|          32|          32|
    |add_ln58_1842_fu_10609_p2  |         +|   0|  0|  32|          32|          32|
    |add_ln58_1843_fu_10615_p2  |         +|   0|  0|  39|          32|          32|
    |add_ln58_1844_fu_10621_p2  |         +|   0|  0|  32|          32|          32|
    |add_ln58_1845_fu_10627_p2  |         +|   0|  0|  32|          32|          32|
    |add_ln58_1846_fu_10633_p2  |         +|   0|  0|  39|          32|          32|
    |add_ln58_1847_fu_10639_p2  |         +|   0|  0|  38|          31|          31|
    |add_ln58_1848_fu_10649_p2  |         +|   0|  0|  32|          32|          32|
    |add_ln58_1849_fu_10655_p2  |         +|   0|  0|  32|          32|          32|
    |add_ln58_1850_fu_10661_p2  |         +|   0|  0|  38|          31|          15|
    |add_ln58_1851_fu_10671_p2  |         +|   0|  0|  39|          32|          32|
    |add_ln58_1852_fu_10677_p2  |         +|   0|  0|  32|          32|          32|
    |add_ln58_1853_fu_10683_p2  |         +|   0|  0|  32|          32|          32|
    |add_ln58_1854_fu_10689_p2  |         +|   0|  0|  32|          32|          32|
    |add_ln58_1855_fu_10695_p2  |         +|   0|  0|  32|          32|          32|
    |add_ln58_1856_fu_10701_p2  |         +|   0|  0|  39|          32|          32|
    |add_ln58_1857_fu_10707_p2  |         +|   0|  0|  32|          32|          32|
    |add_ln58_1858_fu_10713_p2  |         +|   0|  0|  32|          32|          32|
    |add_ln58_1859_fu_10719_p2  |         +|   0|  0|  39|          32|          32|
    |add_ln58_1860_fu_10725_p2  |         +|   0|  0|  32|          32|          32|
    |add_ln58_1861_fu_10731_p2  |         +|   0|  0|  32|          32|          32|
    |add_ln58_1862_fu_10737_p2  |         +|   0|  0|  39|          32|          32|
    |add_ln58_1863_fu_10743_p2  |         +|   0|  0|  39|          32|          32|
    |add_ln58_1864_fu_10749_p2  |         +|   0|  0|  32|          32|          32|
    |add_ln58_1865_fu_10755_p2  |         +|   0|  0|  32|          32|          32|
    |add_ln58_1866_fu_10761_p2  |         +|   0|  0|  37|          30|          15|
    |add_ln58_1867_fu_10771_p2  |         +|   0|  0|  39|          32|          32|
    |add_ln58_1868_fu_10777_p2  |         +|   0|  0|  32|          32|          32|
    |add_ln58_1869_fu_10783_p2  |         +|   0|  0|  32|          32|          32|
    |add_ln58_1870_fu_10789_p2  |         +|   0|  0|  32|          32|          32|
    |add_ln58_fu_10487_p2       |         +|   0|  0|  32|          32|          32|
    |sub_ln73_fu_10133_p2       |         -|   0|  0|  51|          44|          44|
    +---------------------------+----------+----+---+----+------------+------------+
    |Total                      |          |   0|  0|1693|        1574|        1526|
    +---------------------------+----------+----+---+----+------------+------------+

    * Multiplexer: 
    N/A

    * Register: 
    N/A



================================================================
== Interface
================================================================
* Summary: 
+-------------+-----+-----+------------+------------------------------------------------------------------------------+--------------+
|  RTL Ports  | Dir | Bits|  Protocol  |                                 Source Object                                |    C Type    |
+-------------+-----+-----+------------+------------------------------------------------------------------------------+--------------+
|ap_ready     |  out|    1|  ap_ctrl_hs|  dense_latency<ap_fixed<32, 16, 4, 0, 0>, ap_fixed<32, 16, 5, 3, 0>, config8>|  return value|
|ap_return_0  |  out|   32|  ap_ctrl_hs|  dense_latency<ap_fixed<32, 16, 4, 0, 0>, ap_fixed<32, 16, 5, 3, 0>, config8>|  return value|
|ap_return_1  |  out|   32|  ap_ctrl_hs|  dense_latency<ap_fixed<32, 16, 4, 0, 0>, ap_fixed<32, 16, 5, 3, 0>, config8>|  return value|
|ap_return_2  |  out|   32|  ap_ctrl_hs|  dense_latency<ap_fixed<32, 16, 4, 0, 0>, ap_fixed<32, 16, 5, 3, 0>, config8>|  return value|
|data_0_val   |   in|   32|     ap_none|                                                                    data_0_val|        scalar|
|data_1_val   |   in|   32|     ap_none|                                                                    data_1_val|        scalar|
|data_2_val   |   in|   32|     ap_none|                                                                    data_2_val|        scalar|
|data_3_val   |   in|   32|     ap_none|                                                                    data_3_val|        scalar|
|data_4_val   |   in|   32|     ap_none|                                                                    data_4_val|        scalar|
|data_5_val   |   in|   32|     ap_none|                                                                    data_5_val|        scalar|
|data_6_val   |   in|   32|     ap_none|                                                                    data_6_val|        scalar|
|data_7_val   |   in|   32|     ap_none|                                                                    data_7_val|        scalar|
|data_8_val   |   in|   32|     ap_none|                                                                    data_8_val|        scalar|
|data_9_val   |   in|   32|     ap_none|                                                                    data_9_val|        scalar|
|data_10_val  |   in|   32|     ap_none|                                                                   data_10_val|        scalar|
|data_11_val  |   in|   32|     ap_none|                                                                   data_11_val|        scalar|
|data_12_val  |   in|   32|     ap_none|                                                                   data_12_val|        scalar|
|data_13_val  |   in|   32|     ap_none|                                                                   data_13_val|        scalar|
|data_14_val  |   in|   32|     ap_none|                                                                   data_14_val|        scalar|
|data_15_val  |   in|   32|     ap_none|                                                                   data_15_val|        scalar|
+-------------+-----+-----+------------+------------------------------------------------------------------------------+--------------+

